SEQUENCE_ID=circ2_chr1_17525_18061
SEQUENCE_TEMPLATE=CTGCAGGGCCCGCTCGTCCAGGGGGCGGTGCTTGCTCTGGATCCTGTGGCGGGGGCGTCTCTGCAGGCCAGGGTCCTGGGCGCCCGTGAAGATGGAGCCATATTCCTGCAGGCGCCCTGGAGCAGGGTACTTGGCACTGGAGAACACCTGTGTCTGATGCCCTGGGTCCCCACTAAGCCAGGCCGGGCCTCCCGCCCACACCCCTCGGCCCTGCCCTCTGGCCATACAGGTTCTCGGTGGTGTTGAAGAGCAGCAAGGAGCTGACAGAGCTGATGTTGCTGGGAAGACCCCCAAGTC
SEQUENCE_TARGET=147,1
PRIMER_NUM_RETURN=20
PRIMER_MIN_LEFT_THREE_PRIME_DISTANCE=1
PRIMER_PRODUCT_SIZE_RANGE=50-178
PRIMER_MIN_TM=58
PRIMER_MAX_TM=60
PRIMER_OPT_TM=59
PRIMER_PAIR_MAX_DIFF_TM=2
PRIMER_MIN_GC=30
PRIMER_MAX_GC=80
PRIMER_OPT_GC_PERCENT=50
SEQUENCE_EXCLUDED_REGION=2,3 7,4 12,2 19,2 22,4 28,3 71,1 73,3 77,7 110,7 118,3 122,1 176,7 184,5 206,5 212,3 218,4 250,4 259,4
PRIMER_LEFT_EXPLAIN=considered 203, overlap excluded region 97, GC content failed 8, low tm 34, high tm 19, high hairpin stability 4, long poly-x seq 1, ok 6
PRIMER_RIGHT_EXPLAIN=considered 240, overlap excluded region 94, GC content failed 1, low tm 23, high tm 65, long poly-x seq 12, ok 17
PRIMER_PAIR_EXPLAIN=considered 11, unacceptable product size 6, primer in pair overlaps a primer in a better pair 95, ok 5
PRIMER_LEFT_NUM_RETURNED=5
PRIMER_RIGHT_NUM_RETURNED=5
PRIMER_INTERNAL_NUM_RETURNED=0
PRIMER_PAIR_NUM_RETURNED=5
PRIMER_PAIR_0_PENALTY=1.912049
PRIMER_LEFT_0_PENALTY=0.149805
PRIMER_RIGHT_0_PENALTY=1.762244
PRIMER_LEFT_0_SEQUENCE=CGTGAAGATGGAGCCATATT
PRIMER_RIGHT_0_SEQUENCE=CTTCAACACCACCGAGAAC
PRIMER_LEFT_0=84,20
PRIMER_RIGHT_0=247,19
PRIMER_LEFT_0_TM=58.850
PRIMER_RIGHT_0_TM=59.762
PRIMER_LEFT_0_GC_PERCENT=45.000
PRIMER_RIGHT_0_GC_PERCENT=52.632
PRIMER_LEFT_0_SELF_ANY_TH=13.91
PRIMER_RIGHT_0_SELF_ANY_TH=0.00
PRIMER_LEFT_0_SELF_END_TH=13.91
PRIMER_RIGHT_0_SELF_END_TH=0.00
PRIMER_LEFT_0_HAIRPIN_TH=41.02
PRIMER_RIGHT_0_HAIRPIN_TH=0.00
PRIMER_LEFT_0_END_STABILITY=1.2800
PRIMER_RIGHT_0_END_STABILITY=3.0100
PRIMER_PAIR_0_COMPL_ANY_TH=0.00
PRIMER_PAIR_0_COMPL_END_TH=0.00
PRIMER_PAIR_0_PRODUCT_SIZE=164
PRIMER_PAIR_1_PENALTY=2.687941
PRIMER_LEFT_1_PENALTY=1.156814
PRIMER_RIGHT_1_PENALTY=1.531127
PRIMER_LEFT_1_SEQUENCE=GTACTTGGCACTGGAGAAC
PRIMER_RIGHT_1_SEQUENCE=GTCTTCCCAGCAACATCAG
PRIMER_LEFT_1=126,19
PRIMER_RIGHT_1=287,19
PRIMER_LEFT_1_TM=59.157
PRIMER_RIGHT_1_TM=59.531
PRIMER_LEFT_1_GC_PERCENT=52.632
PRIMER_RIGHT_1_GC_PERCENT=52.632
PRIMER_LEFT_1_SELF_ANY_TH=0.00
PRIMER_RIGHT_1_SELF_ANY_TH=0.00
PRIMER_LEFT_1_SELF_END_TH=0.00
PRIMER_RIGHT_1_SELF_END_TH=0.00
PRIMER_LEFT_1_HAIRPIN_TH=0.00
PRIMER_RIGHT_1_HAIRPIN_TH=0.00
PRIMER_LEFT_1_END_STABILITY=3.0100
PRIMER_RIGHT_1_END_STABILITY=2.9000
PRIMER_PAIR_1_COMPL_ANY_TH=0.00
PRIMER_PAIR_1_COMPL_END_TH=0.00
PRIMER_PAIR_1_PRODUCT_SIZE=162
PRIMER_PAIR_2_PENALTY=3.120460
PRIMER_LEFT_2_PENALTY=1.589334
PRIMER_RIGHT_2_PENALTY=1.531127
PRIMER_LEFT_2_SEQUENCE=TACTTGGCACTGGAGAACA
PRIMER_RIGHT_2_SEQUENCE=GTCTTCCCAGCAACATCAG
PRIMER_LEFT_2=127,19
PRIMER_RIGHT_2=287,19
PRIMER_LEFT_2_TM=59.589
PRIMER_RIGHT_2_TM=59.531
PRIMER_LEFT_2_GC_PERCENT=47.368
PRIMER_RIGHT_2_GC_PERCENT=52.632
PRIMER_LEFT_2_SELF_ANY_TH=0.00
PRIMER_RIGHT_2_SELF_ANY_TH=0.00
PRIMER_LEFT_2_SELF_END_TH=0.00
PRIMER_RIGHT_2_SELF_END_TH=0.00
PRIMER_LEFT_2_HAIRPIN_TH=0.00
PRIMER_RIGHT_2_HAIRPIN_TH=0.00
PRIMER_LEFT_2_END_STABILITY=3.1800
PRIMER_RIGHT_2_END_STABILITY=2.9000
PRIMER_PAIR_2_COMPL_ANY_TH=0.00
PRIMER_PAIR_2_COMPL_END_TH=0.00
PRIMER_PAIR_2_PRODUCT_SIZE=161
PRIMER_PAIR_3_PENALTY=3.688641
PRIMER_LEFT_3_PENALTY=1.926397
PRIMER_RIGHT_3_PENALTY=1.762244
PRIMER_LEFT_3_SEQUENCE=CGTGAAGATGGAGCCATAT
PRIMER_RIGHT_3_SEQUENCE=CTTCAACACCACCGAGAAC
PRIMER_LEFT_3=84,19
PRIMER_RIGHT_3=247,19
PRIMER_LEFT_3_TM=58.074
PRIMER_RIGHT_3_TM=59.762
PRIMER_LEFT_3_GC_PERCENT=47.368
PRIMER_RIGHT_3_GC_PERCENT=52.632
PRIMER_LEFT_3_SELF_ANY_TH=6.55
PRIMER_RIGHT_3_SELF_ANY_TH=0.00
PRIMER_LEFT_3_SELF_END_TH=0.00
PRIMER_RIGHT_3_SELF_END_TH=0.00
PRIMER_LEFT_3_HAIRPIN_TH=37.53
PRIMER_RIGHT_3_HAIRPIN_TH=0.00
PRIMER_LEFT_3_END_STABILITY=1.7800
PRIMER_RIGHT_3_END_STABILITY=3.0100
PRIMER_PAIR_3_COMPL_ANY_TH=0.00
PRIMER_PAIR_3_COMPL_END_TH=0.00
PRIMER_PAIR_3_PRODUCT_SIZE=164
PRIMER_PAIR_4_PENALTY=3.850657
PRIMER_LEFT_4_PENALTY=2.319530
PRIMER_RIGHT_4_PENALTY=1.531127
PRIMER_LEFT_4_SEQUENCE=CTTGGCACTGGAGAACAC
PRIMER_RIGHT_4_SEQUENCE=GTCTTCCCAGCAACATCAG
PRIMER_LEFT_4=129,18
PRIMER_RIGHT_4=287,19
PRIMER_LEFT_4_TM=59.320
PRIMER_RIGHT_4_TM=59.531
PRIMER_LEFT_4_GC_PERCENT=55.556
PRIMER_RIGHT_4_GC_PERCENT=52.632
PRIMER_LEFT_4_SELF_ANY_TH=0.00
PRIMER_RIGHT_4_SELF_ANY_TH=0.00
PRIMER_LEFT_4_SELF_END_TH=0.00
PRIMER_RIGHT_4_SELF_END_TH=0.00
PRIMER_LEFT_4_HAIRPIN_TH=0.00
PRIMER_RIGHT_4_HAIRPIN_TH=0.00
PRIMER_LEFT_4_END_STABILITY=3.3200
PRIMER_RIGHT_4_END_STABILITY=2.9000
PRIMER_PAIR_4_COMPL_ANY_TH=0.00
PRIMER_PAIR_4_COMPL_END_TH=9.18
PRIMER_PAIR_4_PRODUCT_SIZE=159
=
