circ2	chr1	17525	18061	4	CTTGGCACTGGAGAACAC	GTCTTCCCAGCAACATCAG	129	18	287	19	59.320	59.531	55.556	52.632	CTTGGCACTGGAGAACACCTGTGTCTGATGCCCTGGGTCCCCACTAAGCCAGGCCGGGCCTCCCGCCCACACCCCTCGGCCCTGCCCTCTGGCCATACAGGTTCTCGGTGGTGTTGAAGAGCAGCAAGGAGCTGACAGAGCTGATGTTGCTGGGAAGAC	PASS
circ2	chr1	17525	18061	2	TACTTGGCACTGGAGAACA	GTCTTCCCAGCAACATCAG	127	19	287	19	59.589	59.531	47.368	52.632	TACTTGGCACTGGAGAACACCTGTGTCTGATGCCCTGGGTCCCCACTAAGCCAGGCCGGGCCTCCCGCCCACACCCCTCGGCCCTGCCCTCTGGCCATACAGGTTCTCGGTGGTGTTGAAGAGCAGCAAGGAGCTGACAGAGCTGATGTTGCTGGGAAGAC	PASS
circ2	chr1	17525	18061	1	GTACTTGGCACTGGAGAAC	GTCTTCCCAGCAACATCAG	126	19	287	19	59.157	59.531	52.632	52.632	GTACTTGGCACTGGAGAACACCTGTGTCTGATGCCCTGGGTCCCCACTAAGCCAGGCCGGGCCTCCCGCCCACACCCCTCGGCCCTGCCCTCTGGCCATACAGGTTCTCGGTGGTGTTGAAGAGCAGCAAGGAGCTGACAGAGCTGATGTTGCTGGGAAGAC	PASS
circ2	chr1	17525	18061	0	CGTGAAGATGGAGCCATATT	CTTCAACACCACCGAGAAC	84	20	247	19	58.850	59.762	45.000	52.632	CGTGAAGATGGAGCCATATTCCTGCAGGCGCCCTGGAGCAGGGTACTTGGCACTGGAGAACACCTGTGTCTGATGCCCTGGGTCCCCACTAAGCCAGGCCGGGCCTCCCGCCCACACCCCTCGGCCCTGCCCTCTGGCCATACAGGTTCTCGGTGGTGTTGAAG	PASS
circ2	chr1	17525	18061	3	CGTGAAGATGGAGCCATAT	CTTCAACACCACCGAGAAC	84	19	247	19	58.074	59.762	47.368	52.632	CGTGAAGATGGAGCCATATTCCTGCAGGCGCCCTGGAGCAGGGTACTTGGCACTGGAGAACACCTGTGTCTGATGCCCTGGGTCCCCACTAAGCCAGGCCGGGCCTCCCGCCCACACCCCTCGGCCCTGCCCTCTGGCCATACAGGTTCTCGGTGGTGTTGAAG	PASS
