circ0	chr1	16606	17055	0	TGGCACATAGAAGTAGTTCTC	CCACTCCCACCCTCAA	124	21	229	16	58.233	58.477	42.857	62.500	TGGCACATAGAAGTAGTTCTCTGGGACCTGAAGGAGACGCGCTGCTGCTGCTGTCGTCCTGCCTGGCGCCTTGGCCTACAGGGGCCGCGGTTGAGGGTGGGAGTGG	PASS
circ0	chr1	16606	17055	1	CTGGCACATAGAAGTAGTTCT	CCACTCCCACCCTCAA	123	21	229	16	58.229	58.477	42.857	62.500	CTGGCACATAGAAGTAGTTCTCTGGGACCTGAAGGAGACGCGCTGCTGCTGCTGTCGTCCTGCCTGGCGCCTTGGCCTACAGGGGCCGCGGTTGAGGGTGGGAGTGG	PASS
circ0	chr1	16606	17055	2	ATGAGGTCGTTGGCAATG	CCACTCCCACCCTCAA	50	18	229	16	59.074	58.477	50.000	62.500	ATGAGGTCGTTGGCAATGCCGGGCAGGTCAGGCAGGTAGGATGGAACATCAATCTCAGGCACCTGGCCCAGGTCTGGCACATAGAAGTAGTTCTCTGGGACCTGAAGGAGACGCGCTGCTGCTGCTGTCGTCCTGCCTGGCGCCTTGGCCTACAGGGGCCGCGGTTGAGGGTGGGAGTGG	PASS
circ0	chr1	16606	17055	3	CATGAGGTCGTTGGCAAT	CCACTCCCACCCTCAA	49	18	229	16	59.074	58.477	50.000	62.500	CATGAGGTCGTTGGCAATGCCGGGCAGGTCAGGCAGGTAGGATGGAACATCAATCTCAGGCACCTGGCCCAGGTCTGGCACATAGAAGTAGTTCTCTGGGACCTGAAGGAGACGCGCTGCTGCTGCTGTCGTCCTGCCTGGCGCCTTGGCCTACAGGGGCCGCGGTTGAGGGTGGGAGTGG	PASS
circ0	chr1	16606	17055	4	TGGCACATAGAAGTAGTTCTCT	CCACTCCCACCCTCAA	124	22	229	16	59.723	58.477	40.909	62.500	TGGCACATAGAAGTAGTTCTCTGGGACCTGAAGGAGACGCGCTGCTGCTGCTGTCGTCCTGCCTGGCGCCTTGGCCTACAGGGGCCGCGGTTGAGGGTGGGAGTGG	PASS
circ0	chr1	16606	17055	5	GCAGGTCAGGCAGGTA	CCACTCCCACCCTCAA	72	16	229	16	59.052	58.477	62.500	62.500	GCAGGTCAGGCAGGTAGGATGGAACATCAATCTCAGGCACCTGGCCCAGGTCTGGCACATAGAAGTAGTTCTCTGGGACCTGAAGGAGACGCGCTGCTGCTGCTGTCGTCCTGCCTGGCGCCTTGGCCTACAGGGGCCGCGGTTGAGGGTGGGAGTGG	PASS
circ0	chr1	16606	17055	6	AGGTCGTTGGCAATGC	CCACTCCCACCCTCAA	53	16	229	16	58.725	58.477	56.250	62.500	AGGTCGTTGGCAATGCCGGGCAGGTCAGGCAGGTAGGATGGAACATCAATCTCAGGCACCTGGCCCAGGTCTGGCACATAGAAGTAGTTCTCTGGGACCTGAAGGAGACGCGCTGCTGCTGCTGTCGTCCTGCCTGGCGCCTTGGCCTACAGGGGCCGCGGTTGAGGGTGGGAGTGG	PASS
