circ1	chr1	17232	17742	3	TCCCTCTTCTGCATCGT	GACAGAGGAGAAGCTGTTTG	68	17	200	20	58.444	59.584	52.941	50.000	TCCCTCTTCTGCATCGTCCTCGGGCTCCGGCTTGGTGCTCACGCACACAGGAAAGTCCTTCAGCTTCTCCTGCTGTTCCAGCTGCTCTCTCTTGCTGATGGACAAGGGGGCATCAAACAGCTTCTCCTCTGTC	PASS
circ1	chr1	17232	17742	4	CTCGGTGGTGTTGAAGAG	AAGAGAGAGCAGCTGGAA	5	18	160	18	58.696	58.880	55.556	50.000	CTCGGTGGTGTTGAAGAGCAGCAAGGAGCTGACAGAGCTGATGTTGCTGGGAAGACCCCCAAGTCCCTCTTCTGCATCGTCCTCGGGCTCCGGCTTGGTGCTCACGCACACAGGAAAGTCCTTCAGCTTCTCCTGCTGTTCCAGCTGCTCTCTCTT	PASS
circ1	chr1	17232	17742	2	TTCTCGGTGGTGTTGAAGA	AAGAGAGAGCAGCTGGAA	3	19	160	18	59.902	58.880	47.368	50.000	TTCTCGGTGGTGTTGAAGAGCAGCAAGGAGCTGACAGAGCTGATGTTGCTGGGAAGACCCCCAAGTCCCTCTTCTGCATCGTCCTCGGGCTCCGGCTTGGTGCTCACGCACACAGGAAAGTCCTTCAGCTTCTCCTGCTGTTCCAGCTGCTCTCTCTT	PASS
circ1	chr1	17232	17742	0	CTGATGTTGCTGGGAAGAC	GACAGAGGAGAAGCTGTTTG	42	19	200	20	59.531	59.584	52.632	50.000	CTGATGTTGCTGGGAAGACCCCCAAGTCCCTCTTCTGCATCGTCCTCGGGCTCCGGCTTGGTGCTCACGCACACAGGAAAGTCCTTCAGCTTCTCCTGCTGTTCCAGCTGCTCTCTCTTGCTGATGGACAAGGGGGCATCAAACAGCTTCTCCTCTGTC	PASS
circ1	chr1	17232	17742	1	GTTCTCGGTGGTGTTGAAG	AAGAGAGAGCAGCTGGAA	2	19	160	18	59.762	58.880	52.632	50.000	GTTCTCGGTGGTGTTGAAGAGCAGCAAGGAGCTGACAGAGCTGATGTTGCTGGGAAGACCCCCAAGTCCCTCTTCTGCATCGTCCTCGGGCTCCGGCTTGGTGCTCACGCACACAGGAAAGTCCTTCAGCTTCTCCTGCTGTTCCAGCTGCTCTCTCTT	PASS
circ1	chr1	17232	17742	5	GTTCTCGGTGGTGTTGAA	AAGAGAGAGCAGCTGGAA	2	18	160	18	58.522	58.880	50.000	50.000	GTTCTCGGTGGTGTTGAAGAGCAGCAAGGAGCTGACAGAGCTGATGTTGCTGGGAAGACCCCCAAGTCCCTCTTCTGCATCGTCCTCGGGCTCCGGCTTGGTGCTCACGCACACAGGAAAGTCCTTCAGCTTCTCCTGCTGTTCCAGCTGCTCTCTCTT	PASS
circ1	chr1	17232	17742	7	GGTTCTCGGTGGTGTTG	AAGAGAGAGCAGCTGGAA	1	17	160	18	58.839	58.880	58.824	50.000	GGTTCTCGGTGGTGTTGAAGAGCAGCAAGGAGCTGACAGAGCTGATGTTGCTGGGAAGACCCCCAAGTCCCTCTTCTGCATCGTCCTCGGGCTCCGGCTTGGTGCTCACGCACACAGGAAAGTCCTTCAGCTTCTCCTGCTGTTCCAGCTGCTCTCTCTT	PASS
circ1	chr1	17232	17742	6	AGGTTCTCGGTGGTGTT	AAGAGAGAGCAGCTGGAA	0	17	160	18	58.958	58.880	52.941	50.000	AGGTTCTCGGTGGTGTTGAAGAGCAGCAAGGAGCTGACAGAGCTGATGTTGCTGGGAAGACCCCCAAGTCCCTCTTCTGCATCGTCCTCGGGCTCCGGCTTGGTGCTCACGCACACAGGAAAGTCCTTCAGCTTCTCCTGCTGTTCCAGCTGCTCTCTCTT	PASS
