circ_ID	chr	start	end	primer_ID	FWD_primer	REV_primer	FWD_pos	FWD_length	REV_pos	REV_length	FWD_TM	REV_TM	FWD_GC	REV_GC	amplicon	PASS
circ1	chr1	17232	17742	0	CTGATGTTGCTGGGAAGAC	GACAGAGGAGAAGCTGTTTG	56	19	214	20	59.531	59.584	52.632	50.000	CTGATGTTGCTGGGAAGACCCCCAAGTCCCTCTTCTGCATCGTCCTCGGGCTCCGGCTTGGTGCTCACGCACACAGGAAAGTCCTTCAGCTTCTCCTGCTGTTCCAGCTGCTCTCTCTTGCTGATGGACAAGGGGGCATCAAACAGCTTCTCCTCTGTC	PASS
circ0	chr1	16606	17055	0	TGGCACATAGAAGTAGTTCTC	CCACTCCCACCCTCAA	124	21	229	16	58.233	58.477	42.857	62.500	TGGCACATAGAAGTAGTTCTCTGGGACCTGAAGGAGACGCGCTGCTGCTGCTGTCGTCCTGCCTGGCGCCTTGGCCTACAGGGGCCGCGGTTGAGGGTGGGAGTGG	PASS
circ2	chr1	17525	18061	0	CGTGAAGATGGAGCCATATT	CTTCAACACCACCGAGAAC	88	20	251	19	58.850	59.762	45.000	52.632	CGTGAAGATGGAGCCATATTCCTGCAGGCGCCCTGGAGCAGGGTACTTGGCACTGGAGAACACCTGTGTCTGATGCCCTGGGTCCCCACTAAGCCAGGCCGGGCCTCCCGCCCACACCCCTCGGCCCTGCCCTCTGGCCATACAGGTTCTCGGTGGTGTTGAAG	PASS
